---
source: crates/uv/tests/project/workflow.rs
expression: lock
---
version = 1
revision = 3
requires-python = ">=3.12"

[options]
exclude-newer = "2024-03-25T00:00:00Z"

[[package]]
name = "workflow-direct"
version = "1.0.0"
source = { registry = "http://[LOCALHOST]/simple/" }
dependencies = [
    { name = "workflow-transitive" },
]
sdist = { url = "http://[LOCALHOST]/files/workflow_direct-1.0.0.tar.gz", hash = "sha256:fa0578253d11f61c77812a6750cd10af24b439bd5c5175d14ff4279f57e774bb", upload-time = "2024-03-24T00:00:00Z" }
wheels = [
    { url = "http://[LOCALHOST]/files/workflow_direct-1.0.0-py3-none-any.whl", hash = "sha256:a1fe63a562d9624824ba4879835665e98e06d0998addb88da0cc483195ed3b5a", upload-time = "2024-03-24T00:00:00Z" },
]

[[package]]
name = "workflow-project"
version = "0.1.0"
source = { virtual = "." }
dependencies = [
    { name = "workflow-direct" },
]

[package.metadata]
requires-dist = [{ name = "workflow-direct" }]

[[package]]
name = "workflow-transitive"
version = "2.0.0"
source = { registry = "http://[LOCALHOST]/simple/" }
sdist = { url = "http://[LOCALHOST]/files/workflow_transitive-2.0.0.tar.gz", hash = "sha256:dfe258f151e3c2c8e7975dcd06a49c3e36fb839d1df7eb8cb64e0405ae31a2a5", upload-time = "2024-03-24T00:00:00Z" }
wheels = [
    { url = "http://[LOCALHOST]/files/workflow_transitive-2.0.0-py3-none-any.whl", hash = "sha256:1be1acb7f1842ce7bad0b4d5b3a6eda3d2c0fa66fd089dc80dbce947d05b4483", upload-time = "2024-03-24T00:00:00Z" },
]
